NEWLINE "\n" 1:79
KW_VAR "var" 2:1
IDENT "hp" 2:5
ASSIGN "=" 2:8
INT "100" 2:10
NEWLINE "\n" 2:13
KW_CONST "const" 3:1
IDENT "name" 3:7
ASSIGN "=" 3:12
STRING "\"hero\"" 3:14
NEWLINE "\n" 3:20
NEWLINE "\n" 4:1
KW_FUNCTION "function" 5:1
IDENT "hit" 5:10
LPAREN "(" 5:13
IDENT "dmg" 5:14
RPAREN ")" 5:17
LBRACE "{" 5:19
NEWLINE "\n" 5:20
IDENT "hp" 6:5
MINUSASSIGN "-=" 6:8
IDENT "dmg" 6:11
NEWLINE "\n" 6:35
KW_IF "if" 7:5
IDENT "hp" 7:8
LE "<=" 7:11
INT "0" 7:14
AMPAMP "&&" 7:16
IDENT "name" 7:19
NOTEQ "!=" 7:24
STRING "\"hero\"" 7:27
LBRACE "{" 7:34
NEWLINE "\n" 7:35
KW_RETURN "return" 8:9
KW_FALSE "false" 8:16
NEWLINE "\n" 8:21
RBRACE "}" 9:5
NEWLINE "\n" 9:6
KW_RETURN "return" 10:5
IDENT "hp" 10:12
GT ">" 10:15
INT "0" 10:17
QUESTION "?" 10:19
INT "1" 10:21
COLON ":" 10:23
INT "0" 10:25
NEWLINE "\n" 10:26
RBRACE "}" 11:1
NEWLINE "\n" 11:2
NEWLINE "\n" 12:1
KW_FOR "for" 13:1
IDENT "i" 13:5
KW_IN "in" 13:7
INT "0" 13:10
DOT "." 13:11
DOT "." 13:12
INT "5" 13:13
LBRACE "{" 13:15
NEWLINE "\n" 13:16
IDENT "hit" 14:5
LPAREN "(" 14:8
IDENT "i" 14:9
STAR "*" 14:11
FLOAT "1.5e-1" 14:13
RPAREN ")" 14:19
NEWLINE "\n" 14:20
RBRACE "}" 15:1
NEWLINE "\n" 15:2
